// 重构日志: 427118fc
// 重构日志: f05bce05
// 重构日志: 344ee3b5
// 重构日志: ecb1c264
// 重构日志: 2a6d5d01
// 重构日志: 8c62a836
// 重构日志: 53c678a8
// 重构日志: 4a3dece8
// 重构日志: f5cb2a8b
// 重构日志: 59c9432d
// 同步 ID: d70032b5 @ Wed Jul 15 08:07:37 UTC 2026
// 重构日志: 7c0f2d66
// 同步 ID: 1388a4ac @ Fri Jul 17 11:27:18 UTC 2026
// 同步 ID: 1b46832c @ Sat Jul 18 06:50:38 UTC 2026
// 重构日志: a85269ec
// 同步 ID: 13ba1c6f @ Sun Jul 19 16:13:56 UTC 2026
// 同步 ID: e75247d8 @ Mon Jul 20 04:39:57 UTC 2026
// 同步 ID: b667f7c8 @ Tue Jul 21 10:14:09 UTC 2026
// 重构日志: 511f5387
// 重构日志: ef4dfca4
// 同步 ID: c3c193ea @ Thu Jul 23 12:55:31 UTC 2026
// 重构日志: 0c8675a8
// 重构日志: 51af793a
// 重构日志: 4fb652e5
// 同步 ID: fe89946b @ Sat Jul 25 14:40:42 UTC 2026
// 重构日志: a40018a6
// 同步 ID: 04f23181 @ Sun Jul 26 12:09:13 UTC 2026
// 同步 ID: 7e79a383 @ Sun Jul 26 14:18:19 UTC 2026
// 重构日志: 36e1904d
// 同步 ID: 0cb0eab1 @ Sun Jul 26 20:20:16 UTC 2026
